exports[`Currencies it should return supported supportedCurrencyCodes 1`] = `
Array [
  "SEK",
  "NOK",
  "DKK",
  "GBP",
  "USD",
  "EUR",
  "AUD",
  "CAD",
  "NZD",
  "INR",
  "ZAR",
  "NAD",
  "BWP",
  "SZL",
  "LSL",
  "ZMF",
  "TZS",
  "KES",
  "UGX",
  "NGN",
  "XAF",
  "GHS",
  "LRD",
  "SLL",
  "GMD",
  "SCR",
  "MUR",
  "SHP",
]
`;
